// Jest Snapshot v1, https://goo.gl/fbAQLP

exports[`renders 1`] = `
<div>
  <div
    className="hero background-image"
  >
    <h1>
      Table of Contents
    </h1>
  </div>
  <div
    className="container"
  >
    <h2>
      The Holocaust Testimonials of the Name Collection
    </h2>
    <div
      className="toc-table"
    >
      <div
        className="toc-row"
      >
        <span
          className="number"
        >
          1
          .
        </span>
        <div
          className="text"
        >
          <div>
            Oral history interview with Mario Speedwagon
          </div>
          <div
            className="meta"
          >
            Accession Number: 1234. Courtesy of the Fortunoff Archive. Other metadata as needed.
          </div>
        </div>
      </div>
      <div
        className="toc-row"
      >
        <span
          className="number"
        >
          2
          .
        </span>
        <div
          className="text"
        >
          <div>
            Oral history interview with Petey Cruiser
          </div>
          <div
            className="meta"
          >
            Accession Number: 1234. Courtesy of the Fortunoff Archive. Other metadata as needed.
          </div>
        </div>
      </div>
      <div
        className="toc-row"
      >
        <span
          className="number"
        >
          3
          .
        </span>
        <div
          className="text"
        >
          <div>
            Oral history interview with Anna Sthesia
          </div>
          <div
            className="meta"
          >
            Accession Number: 1234. Courtesy of the Fortunoff Archive. Other metadata as needed.
          </div>
        </div>
      </div>
      <div
        className="toc-row"
      >
        <span
          className="number"
        >
          4
          .
        </span>
        <div
          className="text"
        >
          <div>
            Oral history interview with Paul Molive
          </div>
          <div
            className="meta"
          >
            Accession Number: 1234. Courtesy of the Fortunoff Archive. Other metadata as needed.
          </div>
        </div>
      </div>
      <div
        className="toc-row"
      >
        <span
          className="number"
        >
          5
          .
        </span>
        <div
          className="text"
        >
          <div>
            Oral history interview with Anna Mull
          </div>
          <div
            className="meta"
          >
            Accession Number: 1234. Courtesy of the Fortunoff Archive. Other metadata as needed.
          </div>
        </div>
      </div>
      <div
        className="toc-row"
      >
        <span
          className="number"
        >
          6
          .
        </span>
        <div
          className="text"
        >
          <div>
            Oral history interview with Gail Forcewind
          </div>
          <div
            className="meta"
          >
            Accession Number: 1234. Courtesy of the Fortunoff Archive. Other metadata as needed.
          </div>
        </div>
      </div>
      <div
        className="toc-row"
      >
        <span
          className="number"
        >
          7
          .
        </span>
        <div
          className="text"
        >
          <div>
            Oral history interview with Paige Turner
          </div>
          <div
            className="meta"
          >
            Accession Number: 1234. Courtesy of the Fortunoff Archive. Other metadata as needed.
          </div>
        </div>
      </div>
      <div
        className="toc-row"
      >
        <span
          className="number"
        >
          8
          .
        </span>
        <div
          className="text"
        >
          <div>
            Oral history interview with Bob Frapples
          </div>
          <div
            className="meta"
          >
            Accession Number: 1234. Courtesy of the Fortunoff Archive. Other metadata as needed.
          </div>
        </div>
      </div>
    </div>
  </div>
</div>
`;
