// Jest Snapshot v1, https://goo.gl/fbAQLP

exports[`renders 1`] = `
<div
  className="home background-image"
>
  <div
    className="top"
  >
    <div
      className="brand"
    />
    <div>
      <div
        className="welcome"
      >
        Gabor Mihaly Toth
        <br />
        <br />
        In Search of the Drowned in the Words of the Saved: 
        <br />
        Testimonies and Testimonial Fragments of the Holocaust
        <br />
        <br />
        Yale Fortunoff Archive, USC Shoah Foundation, United States Holocaust Memorial Museum
      </div>
    </div>
    <a
      className="button brown"
      href="/about"
      onClick={[Function]}
    >
      Let's explore
    </a>
  </div>
  <div
    className="bottom"
  >
    <hr />
    <p>
      Funded by Fortunoff Video Archive, USC Shoah Foundation, USC Viterbi School of Engineering and built in collaboration with the Yale Digital Humanities Lab
    </p>
  </div>
</div>
`;
