// Jest Snapshot v1, https://goo.gl/fbAQLP

exports[`renders 1`] = `
<div
  className="home background-image"
>
  <div
    className="top"
  >
    <div
      className="brand"
    />
    <div>
      <div
        className="welcome"
      >
        A data-driven anthology of oral history interviews with Holocaust survivors
      </div>
    </div>
    <a
      className="button brown"
      href="/about"
      onClick={[Function]}
    >
      Let's explore
    </a>
  </div>
  <div
    className="bottom"
  >
    <hr />
    <p>
      A project by Gabor Mihaly Toth in collaboration with the Yale Digital Humanities Lab
    </p>
  </div>
</div>
`;
